---
source: tests/proof_error_snapshots.rs
expression: formatted
---
error chain:
  - command error
  - type hole remains after elaboration
tests/proof_errors/type_hole_def_universe.shari:6:3

  foo
  ^^^

fixture: tests/proof_errors/type_hole_def_universe.shari
