---
source: tests/proof_error_snapshots.rs
expression: formatted
---
error chain:
  - command error
  - unification failed: argument proposition mismatch: expected foo, but got bar
fixture: tests/proof_errors/argument_proposition_mismatch.shari
