---
source: tests/proof_error_snapshots.rs
expression: formatted
---
error chain:
  - command error
  - unification failed: not a proposition: X
tests/proof_errors/assumption_not_proposition.shari:5:17

const bad_type : X
                ^^

fixture: tests/proof_errors/assumption_not_proposition.shari
