---
source: tests/proof_error_snapshots.rs
expression: formatted
---
error chain:
  - command error
  - unification failed: not a proposition: Prop â†’ Prop
fixture: tests/proof_errors/change_target_not_proposition.shari
