---
source: tests/proof_success_snapshots.rs
expression: formatted
---
ok
fixture: tests/proof_successes/assumption_aliases.shari
