---
source: tests/proof_error_snapshots.rs
expression: formatted
---
error chain:
  - command error
  - type hole remains after elaboration
tests/proof_errors/type_hole_forall_target.shari:9:35

lemma type_hole_forall_target : âˆ€ x, foo :=
                                  ^

fixture: tests/proof_errors/type_hole_forall_target.shari
