---
source: tests/proof_error_snapshots.rs
expression: formatted
---
error chain:
  - command error
  - unification failed: type mismatch
tests/proof_errors/type_mismatch_term.shari:4:33

def type_mismatch_term : Prop := Î» (x : Prop), x
                                ^^^^^^^^^^^^^^^^

fixture: tests/proof_errors/type_mismatch_term.shari
