---
source: tests/proof_error_snapshots.rs
expression: formatted
---
error chain:
  - command error
  - unification failed: not an arrow: Prop
tests/proof_errors/not_an_arrow.shari:2:12

const foo : Prop
           ^^^^^

fixture: tests/proof_errors/not_an_arrow.shari
