---
source: tests/proof_error_snapshots.rs
expression: formatted
---
error chain:
  - command error
  - unification failed: not a proposition: X
fixture: tests/proof_errors/assume_not_proposition.shari
